<html>
<body>
<pre>
<h1>µVision Build Log</h1>
<h2>Tool Versions:</h2>
IDE-Version: ¦ÌVision V5.20.0.0
Copyright (C) 2016 ARM Ltd and ARM Germany GmbH. All rights reserved.
License Information: Champion Massachusetts, LYY Co. LTD, LIC=HN0AR-KI2M5-UHN8H-W2LLP-QC6LC-ZPJJX
 
Tool Versions:
Toolchain:       MDK-ARM Plus  Version: 5.20
Toolchain Path:  G:\Operate\Keil\Keil5.20\ARM\ARMCC\Bin
C Compiler:      Armcc.exe V5.06 update 2 (build 183)
Assembler:       Armasm.exe V5.06 update 2 (build 183)
Linker/Locator:  ArmLink.exe V5.06 update 2 (build 183)
Library Manager: ArmAr.exe V5.06 update 2 (build 183)
Hex Converter:   FromElf.exe V5.06 update 2 (build 183)
CPU DLL:         SARMCM3.DLL V5.20
Dialog DLL:      DARMSTM.DLL V1.66.0.0
Target DLL:      STLink\ST-LINKIII-KEIL_SWO.dll V2.0.18.0
Dialog DLL:      TARMSTM.DLL V1.65.0.0
 
<h2>Project:</h2>
G:\Project\STM32\Keil\AutoPilot\V1.0\Core\mustard.uvprojx
Project File Date:  07/22/2017

<h2>Output:</h2>
*** Using Compiler 'V5.06 update 2 (build 183)', folder: 'G:\Operate\Keil\Keil5.20\ARM\ARMCC\Bin'
Rebuild target 'Mustard'
compiling main.cpp...
compiling config.cpp...
compiling mustard.cpp...
compiling pwm.cpp...
compiling debug.cpp...
compiling led.cpp...
compiling imu.cpp...
compiling spi.cpp...
compiling nrf.cpp...
compiling iic.cpp...
compiling database.cpp...
compiling pid.cpp...
compiling misc.c...
compiling stm32f10x_bkp.c...
compiling stm32f10x_adc.c...
compiling stm32f10x_cec.c...
compiling stm32f10x_crc.c...
compiling stm32f10x_can.c...
compiling stm32f10x_dbgmcu.c...
compiling stm32f10x_dac.c...
compiling stm32f10x_dma.c...
compiling stm32f10x_exti.c...
compiling stm32f10x_flash.c...
compiling stm32f10x_fsmc.c...
compiling stm32f10x_gpio.c...
compiling stm32f10x_i2c.c...
compiling stm32f10x_iwdg.c...
compiling stm32f10x_pwr.c...
compiling stm32f10x_rtc.c...
compiling stm32f10x_rcc.c...
compiling stm32f10x_sdio.c...
compiling stm32f10x_spi.c...
compiling stm32f10x_tim.c...
assembling startup_stm32f10x_hd.s...
compiling stm32f10x_usart.c...
compiling stm32f10x_wwdg.c...
compiling system_stm32f10x.c...
linking...
Program Size: Code=11196 RO-data=340 RW-data=44 ZI-data=1556  
".\Objects\mustard.axf" - 0 Error(s), 0 Warning(s).

<h2>Software Packages used:</h2>

Package Vendor: ARM
                http://www.keil.com/pack/ARM.CMSIS.5.0.1.pack
                ARM::CMSIS:CORE:5.0.1
                CMSIS (Cortex Microcontroller Software Interface Standard)
   * Component: CORE Version: 5.0.1

Package Vendor: Keil
                http://www.keil.com/pack/Keil.STM32F1xx_DFP.2.1.0.pack
                Keil::Device:Startup:1.0.0
                STMicroelectronics STM32F1 Series Device Support, Drivers and Examples
   * Component: Startup Version: 1.0.0
   * Component: Framework Version: 3.5.1
   * Component: TIM Version: 3.5.0
   * Component: WWDG Version: 3.5.0
   * Component: RTC Version: 3.5.0
   * Component: GPIO Version: 3.5.0
   * Component: ADC Version: 3.5.0
   * Component: DMA Version: 3.5.0
   * Component: SPI Version: 3.5.0
   * Component: FSMC Version: 3.5.0
   * Component: DAC Version: 3.5.0
   * Component: I2C Version: 3.5.0
   * Component: BKP Version: 3.5.0
   * Component: Flash Version: 3.5.0
   * Component: CAN Version: 3.5.0
   * Component: SDIO Version: 3.5.0
   * Component: CRC Version: 3.5.0
   * Component: CEC Version: 3.5.0
   * Component: IWDG Version: 3.5.0
   * Component: USART Version: 3.5.0
   * Component: PWR Version: 3.5.0
   * Component: EXTI Version: 3.5.0
   * Component: RCC Version: 3.5.0
   * Component: DBGMCU Version: 3.5.0

<h2>Collection of Component include folders:</h2>
  G:\Project\STM32\Keil\AutoPilot\V1.0\Core\RTE
  G:\Project\STM32\Keil\AutoPilot\V1.0\Core\RTE\Device\STM32F103VE
  G:\Operate\Keil\Keil5.20\ARM\PACK\ARM\CMSIS\5.0.1\CMSIS\Include
  G:\Operate\Keil\Keil5.20\ARM\PACK\Keil\STM32F1xx_DFP\2.1.0\Device\Include
  G:\Operate\Keil\Keil5.20\ARM\PACK\Keil\STM32F1xx_DFP\2.1.0\Device\StdPeriph_Driver\inc

<h2>Collection of Component Files used:</h2>

   * Component: ARM::CMSIS:CORE:5.0.1

   * Component: Keil::Device:Startup:1.0.0
      Source file:   Device\Source\ARM\STM32F1xx_OPT.s
      Include file:  RTE_Driver\Config\RTE_Device.h
      Source file:   Device\Source\ARM\startup_stm32f10x_hd.s
      Source file:   Device\Source\system_stm32f10x.c

   * Component: Keil::Device:StdPeriph Drivers:Framework:3.5.1
      Source file:   Device\StdPeriph_Driver\templates\stm32f10x_conf.h
      Include file:  Device\StdPeriph_Driver\inc\misc.h
      Include file:  Device\StdPeriph_Driver\templates\stm32f10x_it.h
      Source file:   Device\StdPeriph_Driver\src\misc.c
      Source file:   Device\StdPeriph_Driver\templates\stm32f10x_it.c

   * Component: Keil::Device:StdPeriph Drivers:TIM:3.5.0
      Include file:  Device\StdPeriph_Driver\inc\stm32f10x_tim.h
      Source file:   Device\StdPeriph_Driver\src\stm32f10x_tim.c

   * Component: Keil::Device:StdPeriph Drivers:WWDG:3.5.0
      Include file:  Device\StdPeriph_Driver\inc\stm32f10x_wwdg.h
      Source file:   Device\StdPeriph_Driver\src\stm32f10x_wwdg.c

   * Component: Keil::Device:StdPeriph Drivers:RTC:3.5.0
      Source file:   Device\StdPeriph_Driver\src\stm32f10x_rtc.c
      Include file:  Device\StdPeriph_Driver\inc\stm32f10x_rtc.h

   * Component: Keil::Device:StdPeriph Drivers:GPIO:3.5.0
      Source file:   Device\StdPeriph_Driver\src\stm32f10x_gpio.c
      Include file:  Device\StdPeriph_Driver\inc\stm32f10x_gpio.h

   * Component: Keil::Device:StdPeriph Drivers:ADC:3.5.0
      Source file:   Device\StdPeriph_Driver\src\stm32f10x_adc.c
      Include file:  Device\StdPeriph_Driver\inc\stm32f10x_adc.h

   * Component: Keil::Device:StdPeriph Drivers:DMA:3.5.0
      Include file:  Device\StdPeriph_Driver\inc\stm32f10x_dma.h
      Source file:   Device\StdPeriph_Driver\src\stm32f10x_dma.c

   * Component: Keil::Device:StdPeriph Drivers:SPI:3.5.0
      Include file:  Device\StdPeriph_Driver\inc\stm32f10x_spi.h
      Source file:   Device\StdPeriph_Driver\src\stm32f10x_spi.c

   * Component: Keil::Device:StdPeriph Drivers:FSMC:3.5.0
      Source file:   Device\StdPeriph_Driver\src\stm32f10x_fsmc.c
      Include file:  Device\StdPeriph_Driver\inc\stm32f10x_fsmc.h

   * Component: Keil::Device:StdPeriph Drivers:DAC:3.5.0
      Include file:  Device\StdPeriph_Driver\inc\stm32f10x_dac.h
      Source file:   Device\StdPeriph_Driver\src\stm32f10x_dac.c

   * Component: Keil::Device:StdPeriph Drivers:I2C:3.5.0
      Include file:  Device\StdPeriph_Driver\inc\stm32f10x_i2c.h
      Source file:   Device\StdPeriph_Driver\src\stm32f10x_i2c.c

   * Component: Keil::Device:StdPeriph Drivers:BKP:3.5.0
      Include file:  Device\StdPeriph_Driver\inc\stm32f10x_bkp.h
      Source file:   Device\StdPeriph_Driver\src\stm32f10x_bkp.c

   * Component: Keil::Device:StdPeriph Drivers:Flash:3.5.0
      Include file:  Device\StdPeriph_Driver\inc\stm32f10x_flash.h
      Source file:   Device\StdPeriph_Driver\src\stm32f10x_flash.c

   * Component: Keil::Device:StdPeriph Drivers:CAN:3.5.0
      Source file:   Device\StdPeriph_Driver\src\stm32f10x_can.c
      Include file:  Device\StdPeriph_Driver\inc\stm32f10x_can.h

   * Component: Keil::Device:StdPeriph Drivers:SDIO:3.5.0
      Source file:   Device\StdPeriph_Driver\src\stm32f10x_sdio.c
      Include file:  Device\StdPeriph_Driver\inc\stm32f10x_sdio.h

   * Component: Keil::Device:StdPeriph Drivers:CRC:3.5.0
      Include file:  Device\StdPeriph_Driver\inc\stm32f10x_crc.h
      Source file:   Device\StdPeriph_Driver\src\stm32f10x_crc.c

   * Component: Keil::Device:StdPeriph Drivers:CEC:3.5.0
      Include file:  Device\StdPeriph_Driver\inc\stm32f10x_cec.h
      Source file:   Device\StdPeriph_Driver\src\stm32f10x_cec.c

   * Component: Keil::Device:StdPeriph Drivers:IWDG:3.5.0
      Include file:  Device\StdPeriph_Driver\inc\stm32f10x_iwdg.h
      Source file:   Device\StdPeriph_Driver\src\stm32f10x_iwdg.c

   * Component: Keil::Device:StdPeriph Drivers:USART:3.5.0
      Source file:   Device\StdPeriph_Driver\src\stm32f10x_usart.c
      Include file:  Device\StdPeriph_Driver\inc\stm32f10x_usart.h

   * Component: Keil::Device:StdPeriph Drivers:PWR:3.5.0
      Source file:   Device\StdPeriph_Driver\src\stm32f10x_pwr.c
      Include file:  Device\StdPeriph_Driver\inc\stm32f10x_pwr.h

   * Component: Keil::Device:StdPeriph Drivers:EXTI:3.5.0
      Source file:   Device\StdPeriph_Driver\src\stm32f10x_exti.c
      Include file:  Device\StdPeriph_Driver\inc\stm32f10x_exti.h

   * Component: Keil::Device:StdPeriph Drivers:RCC:3.5.0
      Include file:  Device\StdPeriph_Driver\inc\stm32f10x_rcc.h
      Source file:   Device\StdPeriph_Driver\src\stm32f10x_rcc.c

   * Component: Keil::Device:StdPeriph Drivers:DBGMCU:3.5.0
      Include file:  Device\StdPeriph_Driver\inc\stm32f10x_dbgmcu.h
      Source file:   Device\StdPeriph_Driver\src\stm32f10x_dbgmcu.c
Build Time Elapsed:  00:00:10
</pre>
</body>
</html>
